
Allocating common symbols
Common symbol       size              file

przys_x             0x1               ..\obj\main.o
APP_Tx_Buffer       0x80              ..\obj\usbd_cdc_vcp.o
przys_y             0x1               ..\obj\main.o
usbd_cdc_OtherCfgDesc
                    0x43              ..\obj\usbd_cdc_core.o
APP_tx_ptr_tail     0x4               ..\obj\usbd_cdc_vcp.o
USB_Rx_Buffer       0x40              ..\obj\usbd_cdc_core.o
przys_z             0x1               ..\obj\main.o
GPIO_InitStructure  0x8               ..\obj\main.o
USART_InitStructure
                    0x10              ..\obj\usbd_cdc_vcp.o
CmdBuff             0x8               ..\obj\usbd_cdc_core.o
USB_OTG_dev         0x5f0             ..\obj\main.o
APP_Rx_Buffer       0x800             ..\obj\usbd_cdc_core.o
USBD_StrDesc        0x32              ..\obj\usbd_req.o
APP_tx_ptr_head     0x4               ..\obj\usbd_cdc_vcp.o

Discarded input sections

 .text          0x00000000        0x0 ..\obj\usb_core.o
 .data          0x00000000        0x0 ..\obj\usb_core.o
 .bss           0x00000000        0x0 ..\obj\usb_core.o
 .text.USB_OTG_IsHostMode
                0x00000000       0x24 ..\obj\usb_core.o
 .text.USB_OTG_ReadOtgItr
                0x00000000       0x18 ..\obj\usb_core.o
 .text.USB_OTG_ActiveRemoteWakeup
                0x00000000       0x90 ..\obj\usb_core.o
 .text.USB_OTG_StopDevice
                0x00000000       0x80 ..\obj\usb_core.o
 .text.USB_OTG_GetEPStatus
                0x00000000       0xac ..\obj\usb_core.o
 .text.USB_OTG_SetEPStatus
                0x00000000      0x12c ..\obj\usb_core.o
 .text          0x00000000        0x0 ..\obj\usbd_usr.o
 .bss           0x00000000        0x0 ..\obj\usbd_usr.o
 .text          0x00000000        0x0 ..\obj\startup_stm32f4xx.o
 .data          0x00000000        0x0 ..\obj\startup_stm32f4xx.o
 .bss           0x00000000        0x0 ..\obj\startup_stm32f4xx.o
 .text          0x00000000        0x0 ..\obj\usbd_core.o
 .bss           0x00000000        0x0 ..\obj\usbd_core.o
 .text          0x00000000        0x0 ..\obj\main.o
 .bss           0x00000000        0xc ..\obj\main.o
 .text          0x00000000        0x0 ..\obj\stm32f4xx_rcc.o
 .bss           0x00000000        0x0 ..\obj\stm32f4xx_rcc.o
 .text.RCC_DeInit
                0x00000000       0x50 ..\obj\stm32f4xx_rcc.o
 .text.RCC_HSEConfig
                0x00000000       0x24 ..\obj\stm32f4xx_rcc.o
 .text.RCC_WaitForHSEStartUp
                0x00000000       0x50 ..\obj\stm32f4xx_rcc.o
 .text.RCC_AdjustHSICalibrationValue
                0x00000000       0x3c ..\obj\stm32f4xx_rcc.o
 .text.RCC_HSICmd
                0x00000000       0x20 ..\obj\stm32f4xx_rcc.o
 .text.RCC_LSEConfig
                0x00000000       0x40 ..\obj\stm32f4xx_rcc.o
 .text.RCC_LSICmd
                0x00000000       0x20 ..\obj\stm32f4xx_rcc.o
 .text.RCC_PLLConfig
                0x00000000       0x3c ..\obj\stm32f4xx_rcc.o
 .text.RCC_PLLCmd
                0x00000000       0x20 ..\obj\stm32f4xx_rcc.o
 .text.RCC_PLLI2SConfig
                0x00000000       0x28 ..\obj\stm32f4xx_rcc.o
 .text.RCC_ClockSecuritySystemCmd
                0x00000000       0x20 ..\obj\stm32f4xx_rcc.o
 .text.RCC_MCO1Config
                0x00000000       0x3c ..\obj\stm32f4xx_rcc.o
 .text.RCC_MCO2Config
                0x00000000       0x3c ..\obj\stm32f4xx_rcc.o
 .text.RCC_SYSCLKConfig
                0x00000000       0x38 ..\obj\stm32f4xx_rcc.o
 .text.RCC_GetSYSCLKSource
                0x00000000       0x1c ..\obj\stm32f4xx_rcc.o
 .text.RCC_HCLKConfig
                0x00000000       0x38 ..\obj\stm32f4xx_rcc.o
 .text.RCC_PCLK1Config
                0x00000000       0x38 ..\obj\stm32f4xx_rcc.o
 .text.RCC_PCLK2Config
                0x00000000       0x38 ..\obj\stm32f4xx_rcc.o
 .text.RCC_RTCCLKConfig
                0x00000000       0x5c ..\obj\stm32f4xx_rcc.o
 .text.RCC_RTCCLKCmd
                0x00000000       0x20 ..\obj\stm32f4xx_rcc.o
 .text.RCC_BackupResetCmd
                0x00000000       0x20 ..\obj\stm32f4xx_rcc.o
 .text.RCC_I2SCLKConfig
                0x00000000       0x1c ..\obj\stm32f4xx_rcc.o
 .text.RCC_AHB3PeriphClockCmd
                0x00000000       0x3c ..\obj\stm32f4xx_rcc.o
 .text.RCC_AHB1PeriphResetCmd
                0x00000000       0x3c ..\obj\stm32f4xx_rcc.o
 .text.RCC_AHB2PeriphResetCmd
                0x00000000       0x3c ..\obj\stm32f4xx_rcc.o
 .text.RCC_AHB3PeriphResetCmd
                0x00000000       0x3c ..\obj\stm32f4xx_rcc.o
 .text.RCC_AHB1PeriphClockLPModeCmd
                0x00000000       0x3c ..\obj\stm32f4xx_rcc.o
 .text.RCC_AHB2PeriphClockLPModeCmd
                0x00000000       0x3c ..\obj\stm32f4xx_rcc.o
 .text.RCC_AHB3PeriphClockLPModeCmd
                0x00000000       0x3c ..\obj\stm32f4xx_rcc.o
 .text.RCC_APB1PeriphClockLPModeCmd
                0x00000000       0x3c ..\obj\stm32f4xx_rcc.o
 .text.RCC_APB2PeriphClockLPModeCmd
                0x00000000       0x3c ..\obj\stm32f4xx_rcc.o
 .text.RCC_ITConfig
                0x00000000       0x4c ..\obj\stm32f4xx_rcc.o
 .text.RCC_GetFlagStatus
                0x00000000       0x74 ..\obj\stm32f4xx_rcc.o
 .text.RCC_ClearFlag
                0x00000000       0x1c ..\obj\stm32f4xx_rcc.o
 .text.RCC_GetITStatus
                0x00000000       0x34 ..\obj\stm32f4xx_rcc.o
 .text.RCC_ClearITPendingBit
                0x00000000       0x20 ..\obj\stm32f4xx_rcc.o
 .text          0x00000000        0x0 ..\obj\usbd_desc.o
 .bss           0x00000000        0x0 ..\obj\usbd_desc.o
 .text          0x00000000        0x0 ..\obj\stm32f4xx_gpio.o
 .data          0x00000000        0x0 ..\obj\stm32f4xx_gpio.o
 .bss           0x00000000        0x0 ..\obj\stm32f4xx_gpio.o
 .text.GPIO_DeInit
                0x00000000      0x120 ..\obj\stm32f4xx_gpio.o
 .text.GPIO_PinLockConfig
                0x00000000       0x44 ..\obj\stm32f4xx_gpio.o
 .text.GPIO_ReadInputData
                0x00000000       0x18 ..\obj\stm32f4xx_gpio.o
 .text.GPIO_ReadOutputDataBit
                0x00000000       0x34 ..\obj\stm32f4xx_gpio.o
 .text.GPIO_ReadOutputData
                0x00000000       0x18 ..\obj\stm32f4xx_gpio.o
 .text.GPIO_WriteBit
                0x00000000       0x30 ..\obj\stm32f4xx_gpio.o
 .text.GPIO_Write
                0x00000000       0x1c ..\obj\stm32f4xx_gpio.o
 .text.GPIO_ToggleBits
                0x00000000       0x24 ..\obj\stm32f4xx_gpio.o
 .text          0x00000000        0x0 ..\obj\usbd_cdc_vcp.o
 .bss           0x00000000        0x0 ..\obj\usbd_cdc_vcp.o
 .text.VCP_put_char
                0x00000000       0x1c ..\obj\usbd_cdc_vcp.o
 .text.VCP_send_str
                0x00000000       0x30 ..\obj\usbd_cdc_vcp.o
 .text.VCP_get_char
                0x00000000       0x54 ..\obj\usbd_cdc_vcp.o
 .text.VCP_get_string
                0x00000000      0x11c ..\obj\usbd_cdc_vcp.o
 .text.EVAL_COM_IRQHandler
                0x00000000        0xc ..\obj\usbd_cdc_vcp.o
 .text          0x00000000        0x0 ..\obj\system_stm32f4xx.o
 .data          0x00000000       0x14 ..\obj\system_stm32f4xx.o
 .bss           0x00000000        0x0 ..\obj\system_stm32f4xx.o
 .text.SystemCoreClockUpdate
                0x00000000       0xf8 ..\obj\system_stm32f4xx.o
 .text          0x00000000        0x0 ..\obj\usb_bsp.o
 .data          0x00000000        0x0 ..\obj\usb_bsp.o
 .bss           0x00000000        0x0 ..\obj\usb_bsp.o
 .text.USB_OTG_BSP_ConfigVBUS
                0x00000000       0x14 ..\obj\usb_bsp.o
 .text.USB_OTG_BSP_DriveVBUS
                0x00000000       0x18 ..\obj\usb_bsp.o
 .text          0x00000000        0x0 ..\obj\usbd_req.o
 .data          0x00000000        0x0 ..\obj\usbd_req.o
 .text          0x00000000        0x0 ..\obj\usb_dcd_int.o
 .data          0x00000000        0x0 ..\obj\usb_dcd_int.o
 .bss           0x00000000        0x0 ..\obj\usb_dcd_int.o
 .text          0x00000000        0x0 ..\obj\usbd_cdc_core.o
 .text          0x00000000        0x0 ..\obj\stm32f4xx_spi.o
 .data          0x00000000        0x0 ..\obj\stm32f4xx_spi.o
 .bss           0x00000000        0x0 ..\obj\stm32f4xx_spi.o
 .text.SPI_StructInit
                0x00000000       0x48 ..\obj\stm32f4xx_spi.o
 .text.I2S_StructInit
                0x00000000       0x38 ..\obj\stm32f4xx_spi.o
 .text.SPI_DataSizeConfig
                0x00000000       0x38 ..\obj\stm32f4xx_spi.o
 .text.SPI_BiDirectionalLineConfig
                0x00000000       0x40 ..\obj\stm32f4xx_spi.o
 .text.SPI_NSSInternalSoftwareConfig
                0x00000000       0x44 ..\obj\stm32f4xx_spi.o
 .text.SPI_SSOutputCmd
                0x00000000       0x40 ..\obj\stm32f4xx_spi.o
 .text.SPI_TIModeCmd
                0x00000000       0x40 ..\obj\stm32f4xx_spi.o
 .text.I2S_FullDuplexConfig
                0x00000000       0x9c ..\obj\stm32f4xx_spi.o
 .text.SPI_CalculateCRC
                0x00000000       0x40 ..\obj\stm32f4xx_spi.o
 .text.SPI_TransmitCRC
                0x00000000       0x24 ..\obj\stm32f4xx_spi.o
 .text.SPI_GetCRC
                0x00000000       0x30 ..\obj\stm32f4xx_spi.o
 .text.SPI_GetCRCPolynomial
                0x00000000       0x18 ..\obj\stm32f4xx_spi.o
 .text.SPI_I2S_DMACmd
                0x00000000       0x48 ..\obj\stm32f4xx_spi.o
 .text.SPI_I2S_ITConfig
                0x00000000       0x60 ..\obj\stm32f4xx_spi.o
 .text.SPI_I2S_ClearFlag
                0x00000000       0x20 ..\obj\stm32f4xx_spi.o
 .text.SPI_I2S_GetITStatus
                0x00000000       0x74 ..\obj\stm32f4xx_spi.o
 .text.SPI_I2S_ClearITPendingBit
                0x00000000       0x34 ..\obj\stm32f4xx_spi.o
 .text          0x00000000        0x0 ..\obj\stm32f4xx_i2c.o
 .data          0x00000000        0x0 ..\obj\stm32f4xx_i2c.o
 .bss           0x00000000        0x0 ..\obj\stm32f4xx_i2c.o
 .text.I2C_StructInit
                0x00000000       0x3c ..\obj\stm32f4xx_i2c.o
 .text.I2C_OwnAddress2Config
                0x00000000       0x40 ..\obj\stm32f4xx_i2c.o
 .text.I2C_DualAddressCmd
                0x00000000       0x40 ..\obj\stm32f4xx_i2c.o
 .text.I2C_GeneralCallCmd
                0x00000000       0x40 ..\obj\stm32f4xx_i2c.o
 .text.I2C_SoftwareResetCmd
                0x00000000       0x44 ..\obj\stm32f4xx_i2c.o
 .text.I2C_StretchClockCmd
                0x00000000       0x40 ..\obj\stm32f4xx_i2c.o
 .text.I2C_FastModeDutyCycleConfig
                0x00000000       0x40 ..\obj\stm32f4xx_i2c.o
 .text.I2C_NACKPositionConfig
                0x00000000       0x40 ..\obj\stm32f4xx_i2c.o
 .text.I2C_SMBusAlertConfig
                0x00000000       0x40 ..\obj\stm32f4xx_i2c.o
 .text.I2C_ARPCmd
                0x00000000       0x40 ..\obj\stm32f4xx_i2c.o
 .text.I2C_TransmitPEC
                0x00000000       0x40 ..\obj\stm32f4xx_i2c.o
 .text.I2C_PECPositionConfig
                0x00000000       0x40 ..\obj\stm32f4xx_i2c.o
 .text.I2C_CalculatePEC
                0x00000000       0x40 ..\obj\stm32f4xx_i2c.o
 .text.I2C_GetPEC
                0x00000000       0x20 ..\obj\stm32f4xx_i2c.o
 .text.I2C_DMACmd
                0x00000000       0x40 ..\obj\stm32f4xx_i2c.o
 .text.I2C_DMALastTransferCmd
                0x00000000       0x40 ..\obj\stm32f4xx_i2c.o
 .text.I2C_ReadRegister
                0x00000000       0x2c ..\obj\stm32f4xx_i2c.o
 .text.I2C_ITConfig
                0x00000000       0x48 ..\obj\stm32f4xx_i2c.o
 .text.I2C_GetLastEvent
                0x00000000       0x44 ..\obj\stm32f4xx_i2c.o
 .text.I2C_ClearFlag
                0x00000000       0x2c ..\obj\stm32f4xx_i2c.o
 .text.I2C_GetITStatus
                0x00000000       0x58 ..\obj\stm32f4xx_i2c.o
 .text.I2C_ClearITPendingBit
                0x00000000       0x2c ..\obj\stm32f4xx_i2c.o
 .text          0x00000000        0x0 ..\obj\stm32f4xx_exti.o
 .data          0x00000000        0x0 ..\obj\stm32f4xx_exti.o
 .bss           0x00000000        0x0 ..\obj\stm32f4xx_exti.o
 .text.EXTI_DeInit
                0x00000000       0x34 ..\obj\stm32f4xx_exti.o
 .text.EXTI_Init
                0x00000000       0xe4 ..\obj\stm32f4xx_exti.o
 .text.EXTI_StructInit
                0x00000000       0x2c ..\obj\stm32f4xx_exti.o
 .text.EXTI_GenerateSWInterrupt
                0x00000000       0x24 ..\obj\stm32f4xx_exti.o
 .text.EXTI_GetFlagStatus
                0x00000000       0x34 ..\obj\stm32f4xx_exti.o
 .text.EXTI_ClearFlag
                0x00000000       0x1c ..\obj\stm32f4xx_exti.o
 .text.EXTI_GetITStatus
                0x00000000       0x48 ..\obj\stm32f4xx_exti.o
 .text          0x00000000        0x0 ..\obj\misc.o
 .data          0x00000000        0x0 ..\obj\misc.o
 .bss           0x00000000        0x0 ..\obj\misc.o
 .text.NVIC_SetVectorTable
                0x00000000       0x2c ..\obj\misc.o
 .text.NVIC_SystemLPConfig
                0x00000000       0x40 ..\obj\misc.o
 .text.SysTick_CLKSourceConfig
                0x00000000       0x38 ..\obj\misc.o
 .text          0x00000000        0x0 ..\obj\usb_dcd.o
 .data          0x00000000        0x0 ..\obj\usb_dcd.o
 .bss           0x00000000        0x0 ..\obj\usb_dcd.o
 .text.DCD_EP_Flush
                0x00000000       0x34 ..\obj\usb_dcd.o
 .text.DCD_DevConnect
                0x00000000       0x30 ..\obj\usb_dcd.o
 .text.DCD_DevDisconnect
                0x00000000       0x30 ..\obj\usb_dcd.o
 .text.DCD_GetEPStatus
                0x00000000       0x5c ..\obj\usb_dcd.o
 .text.DCD_SetEPStatus
                0x00000000       0x58 ..\obj\usb_dcd.o
 .text          0x00000000        0x0 ..\obj\stm32f4_discovery_lis302dl.o
 .bss           0x00000000        0x0 ..\obj\stm32f4_discovery_lis302dl.o
 .text.LIS302DL_FilterConfig
                0x00000000       0x58 ..\obj\stm32f4_discovery_lis302dl.o
 .text.LIS302DL_InterruptConfig
                0x00000000       0x48 ..\obj\stm32f4_discovery_lis302dl.o
 .text.LIS302DL_LowpowerCmd
                0x00000000       0x44 ..\obj\stm32f4_discovery_lis302dl.o
 .text.LIS302DL_DataRateCmd
                0x00000000       0x44 ..\obj\stm32f4_discovery_lis302dl.o
 .text.LIS302DL_FullScaleCmd
                0x00000000       0x44 ..\obj\stm32f4_discovery_lis302dl.o
 .text.LIS302DL_RebootCmd
                0x00000000       0x30 ..\obj\stm32f4_discovery_lis302dl.o
 .text.LIS302DL_ReadACC
                0x00000000       0xb4 ..\obj\stm32f4_discovery_lis302dl.o
 .text          0x00000000        0x0 ..\obj\usbd_ioreq.o
 .data          0x00000000        0x0 ..\obj\usbd_ioreq.o
 .bss           0x00000000        0x0 ..\obj\usbd_ioreq.o
 .text.USBD_GetRxCount
                0x00000000       0x2c ..\obj\usbd_ioreq.o
 .text          0x00000000        0x0 ..\obj\stm32f4xx_tim.o
 .data          0x00000000        0x0 ..\obj\stm32f4xx_tim.o
 .bss           0x00000000        0x0 ..\obj\stm32f4xx_tim.o
 .text.TIM_DeInit
                0x00000000      0x1c0 ..\obj\stm32f4xx_tim.o
 .text.TIM_TimeBaseStructInit
                0x00000000       0x34 ..\obj\stm32f4xx_tim.o
 .text.TIM_PrescalerConfig
                0x00000000       0x28 ..\obj\stm32f4xx_tim.o
 .text.TIM_CounterModeConfig
                0x00000000       0x38 ..\obj\stm32f4xx_tim.o
 .text.TIM_SetCounter
                0x00000000       0x1c ..\obj\stm32f4xx_tim.o
 .text.TIM_SetAutoreload
                0x00000000       0x1c ..\obj\stm32f4xx_tim.o
 .text.TIM_GetPrescaler
                0x00000000       0x18 ..\obj\stm32f4xx_tim.o
 .text.TIM_UpdateDisableConfig
                0x00000000       0x40 ..\obj\stm32f4xx_tim.o
 .text.TIM_UpdateRequestConfig
                0x00000000       0x40 ..\obj\stm32f4xx_tim.o
 .text.TIM_ARRPreloadConfig
                0x00000000       0x40 ..\obj\stm32f4xx_tim.o
 .text.TIM_SelectOnePulseMode
                0x00000000       0x38 ..\obj\stm32f4xx_tim.o
 .text.TIM_SetClockDivision
                0x00000000       0x38 ..\obj\stm32f4xx_tim.o
 .text.TIM_OC1Init
                0x00000000       0xf4 ..\obj\stm32f4xx_tim.o
 .text.TIM_OC2Init
                0x00000000      0x110 ..\obj\stm32f4xx_tim.o
 .text.TIM_OC3Init
                0x00000000      0x10c ..\obj\stm32f4xx_tim.o
 .text.TIM_OC4Init
                0x00000000       0xcc ..\obj\stm32f4xx_tim.o
 .text.TIM_OCStructInit
                0x00000000       0x44 ..\obj\stm32f4xx_tim.o
 .text.TIM_SelectOCxM
                0x00000000       0xb0 ..\obj\stm32f4xx_tim.o
 .text.TIM_SetCompare1
                0x00000000       0x1c ..\obj\stm32f4xx_tim.o
 .text.TIM_SetCompare2
                0x00000000       0x1c ..\obj\stm32f4xx_tim.o
 .text.TIM_SetCompare3
                0x00000000       0x1c ..\obj\stm32f4xx_tim.o
 .text.TIM_SetCompare4
                0x00000000       0x1c ..\obj\stm32f4xx_tim.o
 .text.TIM_ForcedOC1Config
                0x00000000       0x38 ..\obj\stm32f4xx_tim.o
 .text.TIM_ForcedOC2Config
                0x00000000       0x3c ..\obj\stm32f4xx_tim.o
 .text.TIM_ForcedOC3Config
                0x00000000       0x38 ..\obj\stm32f4xx_tim.o
 .text.TIM_ForcedOC4Config
                0x00000000       0x3c ..\obj\stm32f4xx_tim.o
 .text.TIM_OC1PreloadConfig
                0x00000000       0x38 ..\obj\stm32f4xx_tim.o
 .text.TIM_OC2PreloadConfig
                0x00000000       0x3c ..\obj\stm32f4xx_tim.o
 .text.TIM_OC3PreloadConfig
                0x00000000       0x38 ..\obj\stm32f4xx_tim.o
 .text.TIM_OC4PreloadConfig
                0x00000000       0x3c ..\obj\stm32f4xx_tim.o
 .text.TIM_OC1FastConfig
                0x00000000       0x38 ..\obj\stm32f4xx_tim.o
 .text.TIM_OC2FastConfig
                0x00000000       0x3c ..\obj\stm32f4xx_tim.o
 .text.TIM_OC3FastConfig
                0x00000000       0x38 ..\obj\stm32f4xx_tim.o
 .text.TIM_OC4FastConfig
                0x00000000       0x3c ..\obj\stm32f4xx_tim.o
 .text.TIM_ClearOC1Ref
                0x00000000       0x38 ..\obj\stm32f4xx_tim.o
 .text.TIM_ClearOC2Ref
                0x00000000       0x3c ..\obj\stm32f4xx_tim.o
 .text.TIM_ClearOC3Ref
                0x00000000       0x38 ..\obj\stm32f4xx_tim.o
 .text.TIM_ClearOC4Ref
                0x00000000       0x3c ..\obj\stm32f4xx_tim.o
 .text.TIM_OC1PolarityConfig
                0x00000000       0x38 ..\obj\stm32f4xx_tim.o
 .text.TIM_OC1NPolarityConfig
                0x00000000       0x38 ..\obj\stm32f4xx_tim.o
 .text.TIM_OC2PolarityConfig
                0x00000000       0x3c ..\obj\stm32f4xx_tim.o
 .text.TIM_OC2NPolarityConfig
                0x00000000       0x3c ..\obj\stm32f4xx_tim.o
 .text.TIM_OC3PolarityConfig
                0x00000000       0x3c ..\obj\stm32f4xx_tim.o
 .text.TIM_OC3NPolarityConfig
                0x00000000       0x3c ..\obj\stm32f4xx_tim.o
 .text.TIM_OC4PolarityConfig
                0x00000000       0x3c ..\obj\stm32f4xx_tim.o
 .text.TIM_CCxCmd
                0x00000000       0x5c ..\obj\stm32f4xx_tim.o
 .text.TIM_CCxNCmd
                0x00000000       0x5c ..\obj\stm32f4xx_tim.o
 .text.TIM_ICInit
                0x00000000       0xa8 ..\obj\stm32f4xx_tim.o
 .text.TIM_ICStructInit
                0x00000000       0x30 ..\obj\stm32f4xx_tim.o
 .text.TIM_PWMIConfig
                0x00000000       0xb8 ..\obj\stm32f4xx_tim.o
 .text.TIM_GetCapture1
                0x00000000       0x18 ..\obj\stm32f4xx_tim.o
 .text.TIM_GetCapture2
                0x00000000       0x18 ..\obj\stm32f4xx_tim.o
 .text.TIM_GetCapture3
                0x00000000       0x18 ..\obj\stm32f4xx_tim.o
 .text.TIM_GetCapture4
                0x00000000       0x18 ..\obj\stm32f4xx_tim.o
 .text.TIM_SetIC1Prescaler
                0x00000000       0x38 ..\obj\stm32f4xx_tim.o
 .text.TIM_SetIC2Prescaler
                0x00000000       0x3c ..\obj\stm32f4xx_tim.o
 .text.TIM_SetIC3Prescaler
                0x00000000       0x38 ..\obj\stm32f4xx_tim.o
 .text.TIM_SetIC4Prescaler
                0x00000000       0x3c ..\obj\stm32f4xx_tim.o
 .text.TIM_BDTRConfig
                0x00000000       0x50 ..\obj\stm32f4xx_tim.o
 .text.TIM_BDTRStructInit
                0x00000000       0x3c ..\obj\stm32f4xx_tim.o
 .text.TIM_CtrlPWMOutputs
                0x00000000       0x4c ..\obj\stm32f4xx_tim.o
 .text.TIM_SelectCOM
                0x00000000       0x40 ..\obj\stm32f4xx_tim.o
 .text.TIM_CCPreloadControl
                0x00000000       0x40 ..\obj\stm32f4xx_tim.o
 .text.TIM_ITConfig
                0x00000000       0x48 ..\obj\stm32f4xx_tim.o
 .text.TIM_GenerateEvent
                0x00000000       0x1c ..\obj\stm32f4xx_tim.o
 .text.TIM_GetITStatus
                0x00000000       0x54 ..\obj\stm32f4xx_tim.o
 .text.TIM_ClearITPendingBit
                0x00000000       0x20 ..\obj\stm32f4xx_tim.o
 .text.TIM_DMAConfig
                0x00000000       0x28 ..\obj\stm32f4xx_tim.o
 .text.TIM_DMACmd
                0x00000000       0x48 ..\obj\stm32f4xx_tim.o
 .text.TIM_SelectCCDMA
                0x00000000       0x40 ..\obj\stm32f4xx_tim.o
 .text.TIM_InternalClockConfig
                0x00000000       0x24 ..\obj\stm32f4xx_tim.o
 .text.TIM_ITRxExternalClockConfig
                0x00000000       0x30 ..\obj\stm32f4xx_tim.o
 .text.TIM_TIxExternalClockConfig
                0x00000000       0x5c ..\obj\stm32f4xx_tim.o
 .text.TIM_ETRClockMode1Config
                0x00000000       0x60 ..\obj\stm32f4xx_tim.o
 .text.TIM_ETRClockMode2Config
                0x00000000       0x40 ..\obj\stm32f4xx_tim.o
 .text.TIM_SelectInputTrigger
                0x00000000       0x38 ..\obj\stm32f4xx_tim.o
 .text.TIM_SelectOutputTrigger
                0x00000000       0x38 ..\obj\stm32f4xx_tim.o
 .text.TIM_SelectSlaveMode
                0x00000000       0x38 ..\obj\stm32f4xx_tim.o
 .text.TIM_SelectMasterSlaveMode
                0x00000000       0x38 ..\obj\stm32f4xx_tim.o
 .text.TIM_ETRConfig
                0x00000000       0x54 ..\obj\stm32f4xx_tim.o
 .text.TIM_EncoderInterfaceConfig
                0x00000000       0x98 ..\obj\stm32f4xx_tim.o
 .text.TIM_SelectHallSensor
                0x00000000       0x40 ..\obj\stm32f4xx_tim.o
 .text.TIM_RemapConfig
                0x00000000       0x20 ..\obj\stm32f4xx_tim.o
 .text.TI1_Config
                0x00000000       0x84 ..\obj\stm32f4xx_tim.o
 .text.TI2_Config
                0x00000000       0x98 ..\obj\stm32f4xx_tim.o
 .text.TI3_Config
                0x00000000       0x90 ..\obj\stm32f4xx_tim.o
 .text.TI4_Config
                0x00000000       0x9c ..\obj\stm32f4xx_tim.o

Memory Configuration

Name             Origin             Length             Attributes
rom              0x08000000         0x00100000         xr
ram              0x20000000         0x00020000         xrw
ram1             0x10000000         0x00010000         xrw
*default*        0x00000000         0xffffffff

Linker script and memory map

                0x20020000                _eram = 0x20020000

.text           0x08000000     0x580e
 *(.isr_vector)
 .isr_vector    0x08000000      0x188 ..\obj\startup_stm32f4xx.o
                0x08000000                g_pfnVectors
 *(.text*)
 .text.USB_OTG_EnableCommonInt
                0x08000188       0x44 ..\obj\usb_core.o
 .text.USB_OTG_CoreReset
                0x080001cc       0x90 ..\obj\usb_core.o
 .text.USB_OTG_WritePacket
                0x0800025c       0x74 ..\obj\usb_core.o
                0x0800025c                USB_OTG_WritePacket
 .text.USB_OTG_ReadPacket
                0x080002d0       0x58 ..\obj\usb_core.o
                0x080002d0                USB_OTG_ReadPacket
 .text.USB_OTG_SelectCore
                0x08000328      0x174 ..\obj\usb_core.o
                0x08000328                USB_OTG_SelectCore
 .text.USB_OTG_CoreInit
                0x0800049c      0x1dc ..\obj\usb_core.o
                0x0800049c                USB_OTG_CoreInit
 .text.USB_OTG_EnableGlobalInt
                0x08000678       0x34 ..\obj\usb_core.o
                0x08000678                USB_OTG_EnableGlobalInt
 .text.USB_OTG_DisableGlobalInt
                0x080006ac       0x38 ..\obj\usb_core.o
                0x080006ac                USB_OTG_DisableGlobalInt
 .text.USB_OTG_FlushTxFifo
                0x080006e4       0x74 ..\obj\usb_core.o
                0x080006e4                USB_OTG_FlushTxFifo
 .text.USB_OTG_FlushRxFifo
                0x08000758       0x60 ..\obj\usb_core.o
                0x08000758                USB_OTG_FlushRxFifo
 .text.USB_OTG_SetCurrentMode
                0x080007b8       0x60 ..\obj\usb_core.o
                0x080007b8                USB_OTG_SetCurrentMode
 .text.USB_OTG_GetMode
                0x08000818       0x1c ..\obj\usb_core.o
                0x08000818                USB_OTG_GetMode
 .text.USB_OTG_IsDeviceMode
                0x08000834       0x24 ..\obj\usb_core.o
                0x08000834                USB_OTG_IsDeviceMode
 .text.USB_OTG_ReadCoreItr
                0x08000858       0x2c ..\obj\usb_core.o
                0x08000858                USB_OTG_ReadCoreItr
 .text.USB_OTG_InitDevSpeed
                0x08000884       0x38 ..\obj\usb_core.o
                0x08000884                USB_OTG_InitDevSpeed
 .text.USB_OTG_CoreInitDev
                0x080008bc      0x264 ..\obj\usb_core.o
                0x080008bc                USB_OTG_CoreInitDev
 .text.USB_OTG_EnableDevInt
                0x08000b20       0x98 ..\obj\usb_core.o
                0x08000b20                USB_OTG_EnableDevInt
 .text.USB_OTG_GetDeviceSpeed
                0x08000bb8       0x48 ..\obj\usb_core.o
                0x08000bb8                USB_OTG_GetDeviceSpeed
 .text.USB_OTG_EP0Activate
                0x08000c00       0x74 ..\obj\usb_core.o
                0x08000c00                USB_OTG_EP0Activate
 .text.USB_OTG_EPActivate
                0x08000c74       0xdc ..\obj\usb_core.o
                0x08000c74                USB_OTG_EPActivate
 .text.USB_OTG_EPDeactivate
                0x08000d50       0x88 ..\obj\usb_core.o
                0x08000d50                USB_OTG_EPDeactivate
 .text.USB_OTG_EPStartXfer
                0x08000dd8      0x280 ..\obj\usb_core.o
                0x08000dd8                USB_OTG_EPStartXfer
 .text.USB_OTG_EP0StartXfer
                0x08001058      0x1d4 ..\obj\usb_core.o
                0x08001058                USB_OTG_EP0StartXfer
 .text.USB_OTG_EPSetStall
                0x0800122c       0x84 ..\obj\usb_core.o
                0x0800122c                USB_OTG_EPSetStall
 .text.USB_OTG_EPClearStall
                0x080012b0       0x74 ..\obj\usb_core.o
                0x080012b0                USB_OTG_EPClearStall
 .text.USB_OTG_ReadDevAllOutEp_itr
                0x08001324       0x2c ..\obj\usb_core.o
                0x08001324                USB_OTG_ReadDevAllOutEp_itr
 .text.USB_OTG_ReadDevOutEP_itr
                0x08001350       0x34 ..\obj\usb_core.o
                0x08001350                USB_OTG_ReadDevOutEP_itr
 .text.USB_OTG_ReadDevAllInEPItr
                0x08001384       0x2c ..\obj\usb_core.o
                0x08001384                USB_OTG_ReadDevAllInEPItr
 .text.USB_OTG_EP0_OutStart
                0x080013b0       0x70 ..\obj\usb_core.o
                0x080013b0                USB_OTG_EP0_OutStart
 .text.USB_OTG_UngateClock
                0x08001420       0x54 ..\obj\usb_core.o
                0x08001420                USB_OTG_UngateClock
 .text.USBD_USR_Init
                0x08001474        0xc ..\obj\usbd_usr.o
                0x08001474                USBD_USR_Init
 .text.USBD_USR_DeviceReset
                0x08001480       0x28 ..\obj\usbd_usr.o
                0x08001480                USBD_USR_DeviceReset
 .text.USBD_USR_DeviceConfigured
                0x080014a8        0xc ..\obj\usbd_usr.o
                0x080014a8                USBD_USR_DeviceConfigured
 .text.USBD_USR_DeviceConnected
                0x080014b4        0xc ..\obj\usbd_usr.o
                0x080014b4                USBD_USR_DeviceConnected
 .text.USBD_USR_DeviceDisconnected
                0x080014c0        0xc ..\obj\usbd_usr.o
                0x080014c0                USBD_USR_DeviceDisconnected
 .text.USBD_USR_DeviceSuspended
                0x080014cc        0xc ..\obj\usbd_usr.o
                0x080014cc                USBD_USR_DeviceSuspended
 .text.USBD_USR_DeviceResumed
                0x080014d8        0xc ..\obj\usbd_usr.o
                0x080014d8                USBD_USR_DeviceResumed
 .text.Default_Reset_Handler
                0x080014e4       0x5c ..\obj\startup_stm32f4xx.o
                0x080014e4                Default_Reset_Handler
                0x080014e4                Reset_Handler
 .text.Default_Handler
                0x08001540        0x8 ..\obj\startup_stm32f4xx.o
                0x08001540                RTC_Alarm_IRQHandler
                0x08001540                HASH_RNG_IRQHandler
                0x08001540                EXTI2_IRQHandler
                0x08001540                TIM8_CC_IRQHandler
                0x08001540                DebugMon_Handler
                0x08001540                TIM1_CC_IRQHandler
                0x08001540                DMA2_Stream5_IRQHandler
                0x08001540                HardFault_Handler
                0x08001540                DMA1_Stream5_IRQHandler
                0x08001540                SysTick_Handler
                0x08001540                PVD_IRQHandler
                0x08001540                SDIO_IRQHandler
                0x08001540                TAMP_STAMP_IRQHandler
                0x08001540                PendSV_Handler
                0x08001540                NMI_Handler
                0x08001540                CAN2_RX1_IRQHandler
                0x08001540                EXTI3_IRQHandler
                0x08001540                TIM8_TRG_COM_TIM14_IRQHandler
                0x08001540                TIM1_UP_TIM10_IRQHandler
                0x08001540                TIM8_UP_TIM13_IRQHandler
                0x08001540                I2C3_ER_IRQHandler
                0x08001540                EXTI0_IRQHandler
                0x08001540                I2C2_EV_IRQHandler
                0x08001540                DMA1_Stream2_IRQHandler
                0x08001540                CAN1_RX0_IRQHandler
                0x08001540                FPU_IRQHandler
                0x08001540                OTG_HS_WKUP_IRQHandler
                0x08001540                UsageFault_Handler
                0x08001540                CAN2_SCE_IRQHandler
                0x08001540                DMA2_Stream2_IRQHandler
                0x08001540                SPI1_IRQHandler
                0x08001540                TIM6_DAC_IRQHandler
                0x08001540                TIM1_BRK_TIM9_IRQHandler
                0x08001540                DCMI_IRQHandler
                0x08001540                CAN2_RX0_IRQHandler
                0x08001540                DMA2_Stream3_IRQHandler
                0x08001540                USART6_IRQHandler
                0x08001540                USART3_IRQHandler
                0x08001540                CRYP_IRQHandler
                0x08001540                CAN1_RX1_IRQHandler
                0x08001540                UART5_IRQHandler
                0x08001540                DMA2_Stream0_IRQHandler
                0x08001540                TIM4_IRQHandler
                0x08001540                I2C1_EV_IRQHandler
                0x08001540                DMA1_Stream6_IRQHandler
                0x08001540                DMA1_Stream1_IRQHandler
                0x08001540                UART4_IRQHandler
                0x08001540                TIM3_IRQHandler
                0x08001540                RCC_IRQHandler
                0x08001540                TIM8_BRK_TIM12_IRQHandler
                0x08001540                EXTI15_10_IRQHandler
                0x08001540                ADC_IRQHandler
                0x08001540                DMA1_Stream7_IRQHandler
                0x08001540                TIM7_IRQHandler
                0x08001540                CAN2_TX_IRQHandler
                0x08001540                TIM5_IRQHandler
                0x08001540                DMA2_Stream7_IRQHandler
                0x08001540                I2C3_EV_IRQHandler
                0x08001540                EXTI9_5_IRQHandler
                0x08001540                RTC_WKUP_IRQHandler
                0x08001540                ETH_WKUP_IRQHandler
                0x08001540                SPI2_IRQHandler
                0x08001540                OTG_HS_EP1_IN_IRQHandler
                0x08001540                MemManage_Handler
                0x08001540                DMA1_Stream0_IRQHandler
                0x08001540                CAN1_TX_IRQHandler
                0x08001540                SVC_Handler
                0x08001540                EXTI4_IRQHandler
                0x08001540                FSMC_IRQHandler
                0x08001540                ETH_IRQHandler
                0x08001540                OTG_HS_EP1_OUT_IRQHandler
                0x08001540                WWDG_IRQHandler
                0x08001540                TIM2_IRQHandler
                0x08001540                TIM1_TRG_COM_TIM11_IRQHandler
                0x08001540                OTG_HS_IRQHandler
                0x08001540                EXTI1_IRQHandler
                0x08001540                USART2_IRQHandler
                0x08001540                I2C2_ER_IRQHandler
                0x08001540                DMA2_Stream1_IRQHandler
                0x08001540                CAN1_SCE_IRQHandler
                0x08001540                FLASH_IRQHandler
                0x08001540                DMA2_Stream4_IRQHandler
                0x08001540                BusFault_Handler
                0x08001540                USART1_IRQHandler
                0x08001540                SPI3_IRQHandler
                0x08001540                DMA1_Stream4_IRQHandler
                0x08001540                I2C1_ER_IRQHandler
                0x08001540                DMA2_Stream6_IRQHandler
                0x08001540                DMA1_Stream3_IRQHandler
 .text.USBD_Init
                0x08001548       0x58 ..\obj\usbd_core.o
                0x08001548                USBD_Init
 .text.USBD_DeInit
                0x080015a0       0x14 ..\obj\usbd_core.o
                0x080015a0                USBD_DeInit
 .text.USBD_SetupStage
                0x080015b4       0x6c ..\obj\usbd_core.o
 .text.USBD_DataOutStage
                0x08001620       0xcc ..\obj\usbd_core.o
 .text.USBD_DataInStage
                0x080016ec      0x104 ..\obj\usbd_core.o
 .text.USBD_Reset
                0x080017f0       0x44 ..\obj\usbd_core.o
 .text.USBD_Resume
                0x08001834       0x24 ..\obj\usbd_core.o
 .text.USBD_Suspend
                0x08001858       0x24 ..\obj\usbd_core.o
 .text.USBD_SOF
                0x0800187c       0x2c ..\obj\usbd_core.o
 .text.USBD_SetCfg
                0x080018a8       0x30 ..\obj\usbd_core.o
                0x080018a8                USBD_SetCfg
 .text.USBD_ClrCfg
                0x080018d8       0x28 ..\obj\usbd_core.o
                0x080018d8                USBD_ClrCfg
 .text.USBD_IsoINIncomplete
                0x08001900       0x20 ..\obj\usbd_core.o
 .text.USBD_IsoOUTIncomplete
                0x08001920       0x20 ..\obj\usbd_core.o
 .text.codec_init
                0x08001940      0x178 ..\obj\main.o
                0x08001940                codec_init
 .text.codec_ctrl_init
                0x08001ab8      0x168 ..\obj\main.o
                0x08001ab8                codec_ctrl_init
 .text.send_codec_ctrl
                0x08001c20       0xb8 ..\obj\main.o
                0x08001c20                send_codec_ctrl
 .text.read_codec_register
                0x08001cd8      0x104 ..\obj\main.o
                0x08001cd8                read_codec_register
 .text.init     0x08001ddc       0x9c ..\obj\main.o
                0x08001ddc                init
 .text.OTG_FS_IRQHandler
                0x08001e78       0x14 ..\obj\main.o
                0x08001e78                OTG_FS_IRQHandler
 .text.OTG_FS_WKUP_IRQHandler
                0x08001e8c       0x30 ..\obj\main.o
                0x08001e8c                OTG_FS_WKUP_IRQHandler
 .text.main     0x08001ebc      0x218 ..\obj\main.o
                0x08001ebc                main
 .text.RCC_PLLI2SCmd
                0x080020d4       0x20 ..\obj\stm32f4xx_rcc.o
                0x080020d4                RCC_PLLI2SCmd
 .text.RCC_GetClocksFreq
                0x080020f4      0x154 ..\obj\stm32f4xx_rcc.o
                0x080020f4                RCC_GetClocksFreq
 .text.RCC_AHB1PeriphClockCmd
                0x08002248       0x3c ..\obj\stm32f4xx_rcc.o
                0x08002248                RCC_AHB1PeriphClockCmd
 .text.RCC_AHB2PeriphClockCmd
                0x08002284       0x3c ..\obj\stm32f4xx_rcc.o
                0x08002284                RCC_AHB2PeriphClockCmd
 .text.RCC_APB1PeriphClockCmd
                0x080022c0       0x3c ..\obj\stm32f4xx_rcc.o
                0x080022c0                RCC_APB1PeriphClockCmd
 .text.RCC_APB2PeriphClockCmd
                0x080022fc       0x3c ..\obj\stm32f4xx_rcc.o
                0x080022fc                RCC_APB2PeriphClockCmd
 .text.RCC_APB1PeriphResetCmd
                0x08002338       0x3c ..\obj\stm32f4xx_rcc.o
                0x08002338                RCC_APB1PeriphResetCmd
 .text.RCC_APB2PeriphResetCmd
                0x08002374       0x3c ..\obj\stm32f4xx_rcc.o
                0x08002374                RCC_APB2PeriphResetCmd
 .text.USBD_USR_DeviceDescriptor
                0x080023b0       0x24 ..\obj\usbd_desc.o
                0x080023b0                USBD_USR_DeviceDescriptor
 .text.USBD_USR_LangIDStrDescriptor
                0x080023d4       0x24 ..\obj\usbd_desc.o
                0x080023d4                USBD_USR_LangIDStrDescriptor
 .text.USBD_USR_ProductStrDescriptor
                0x080023f8       0x40 ..\obj\usbd_desc.o
                0x080023f8                USBD_USR_ProductStrDescriptor
 .text.USBD_USR_ManufacturerStrDescriptor
                0x08002438       0x28 ..\obj\usbd_desc.o
                0x08002438                USBD_USR_ManufacturerStrDescriptor
 .text.USBD_USR_SerialStrDescriptor
                0x08002460       0x40 ..\obj\usbd_desc.o
                0x08002460                USBD_USR_SerialStrDescriptor
 .text.USBD_USR_ConfigStrDescriptor
                0x080024a0       0x3c ..\obj\usbd_desc.o
                0x080024a0                USBD_USR_ConfigStrDescriptor
 .text.USBD_USR_InterfaceStrDescriptor
                0x080024dc       0x3c ..\obj\usbd_desc.o
                0x080024dc                USBD_USR_InterfaceStrDescriptor
 .text.GPIO_Init
                0x08002518      0x11c ..\obj\stm32f4xx_gpio.o
                0x08002518                GPIO_Init
 .text.GPIO_StructInit
                0x08002634       0x34 ..\obj\stm32f4xx_gpio.o
                0x08002634                GPIO_StructInit
 .text.GPIO_ReadInputDataBit
                0x08002668       0x34 ..\obj\stm32f4xx_gpio.o
                0x08002668                GPIO_ReadInputDataBit
 .text.GPIO_SetBits
                0x0800269c       0x1c ..\obj\stm32f4xx_gpio.o
                0x0800269c                GPIO_SetBits
 .text.GPIO_ResetBits
                0x080026b8       0x1c ..\obj\stm32f4xx_gpio.o
                0x080026b8                GPIO_ResetBits
 .text.GPIO_PinAFConfig
                0x080026d4       0x90 ..\obj\stm32f4xx_gpio.o
                0x080026d4                GPIO_PinAFConfig
 .text.VCP_Init
                0x08002764       0x10 ..\obj\usbd_cdc_vcp.o
 .text.VCP_DeInit
                0x08002774       0x10 ..\obj\usbd_cdc_vcp.o
 .text.VCP_Ctrl
                0x08002784      0x110 ..\obj\usbd_cdc_vcp.o
 .text.VCP_send_buffer
                0x08002894       0x1c ..\obj\usbd_cdc_vcp.o
                0x08002894                VCP_send_buffer
 .text.VCP_DataTx
                0x080028b0       0x5c ..\obj\usbd_cdc_vcp.o
 .text.VCP_DataRx
                0x0800290c       0x70 ..\obj\usbd_cdc_vcp.o
 .text.SystemInit
                0x0800297c       0x5c ..\obj\system_stm32f4xx.o
                0x0800297c                SystemInit
 .text.SetSysClock
                0x080029d8       0xf4 ..\obj\system_stm32f4xx.o
 .text.USB_OTG_BSP_Init
                0x08002acc       0xb0 ..\obj\usb_bsp.o
                0x08002acc                USB_OTG_BSP_Init
 .text.USB_OTG_BSP_EnableInterrupt
                0x08002b7c       0x34 ..\obj\usb_bsp.o
                0x08002b7c                USB_OTG_BSP_EnableInterrupt
 .text.USB_OTG_BSP_uDelay
                0x08002bb0       0x48 ..\obj\usb_bsp.o
                0x08002bb0                USB_OTG_BSP_uDelay
 .text.USB_OTG_BSP_mDelay
                0x08002bf8       0x20 ..\obj\usb_bsp.o
                0x08002bf8                USB_OTG_BSP_mDelay
 .text.USBD_StdDevReq
                0x08002c18       0xa0 ..\obj\usbd_req.o
                0x08002c18                USBD_StdDevReq
 .text.USBD_StdItfReq
                0x08002cb8       0x68 ..\obj\usbd_req.o
                0x08002cb8                USBD_StdItfReq
 .text.USBD_StdEPReq
                0x08002d20      0x1b0 ..\obj\usbd_req.o
                0x08002d20                USBD_StdEPReq
 .text.USBD_GetDescriptor
                0x08002ed0      0x1a8 ..\obj\usbd_req.o
 .text.USBD_SetAddress
                0x08003078       0x7c ..\obj\usbd_req.o
 .text.USBD_SetConfig
                0x080030f4       0xf4 ..\obj\usbd_req.o
 .text.USBD_GetConfig
                0x080031e8       0x60 ..\obj\usbd_req.o
 .text.USBD_GetStatus
                0x08003248       0x50 ..\obj\usbd_req.o
 .text.USBD_SetFeature
                0x08003298       0xd0 ..\obj\usbd_req.o
 .text.USBD_ClrFeature
                0x08003368       0x50 ..\obj\usbd_req.o
 .text.USBD_ParseSetupRequest
                0x080033b8       0x90 ..\obj\usbd_req.o
                0x080033b8                USBD_ParseSetupRequest
 .text.USBD_CtlError
                0x08003448       0x48 ..\obj\usbd_req.o
                0x08003448                USBD_CtlError
 .text.USBD_GetString
                0x08003490       0x88 ..\obj\usbd_req.o
                0x08003490                USBD_GetString
 .text.USBD_GetLen
                0x08003518       0x30 ..\obj\usbd_req.o
 .text.USBD_OTG_ISR_Handler
                0x08003548      0x15c ..\obj\usb_dcd_int.o
                0x08003548                USBD_OTG_ISR_Handler
 .text.DCD_HandleResume_ISR
                0x080036a4       0x80 ..\obj\usb_dcd_int.o
 .text.DCD_HandleUSBSuspend_ISR
                0x08003724       0x9c ..\obj\usb_dcd_int.o
 .text.DCD_HandleInEP_ISR
                0x080037c0      0x1ec ..\obj\usb_dcd_int.o
 .text.DCD_HandleOutEP_ISR
                0x080039ac      0x178 ..\obj\usb_dcd_int.o
 .text.DCD_HandleSof_ISR
                0x08003b24       0x34 ..\obj\usb_dcd_int.o
 .text.DCD_HandleRxStatusQueueLevel_ISR
                0x08003b58      0x104 ..\obj\usb_dcd_int.o
 .text.DCD_WriteEmptyTxFifo
                0x08003c5c       0xe4 ..\obj\usb_dcd_int.o
 .text.DCD_HandleUsbReset_ISR
                0x08003d40      0x138 ..\obj\usb_dcd_int.o
 .text.DCD_HandleEnumDone_ISR
                0x08003e78       0x78 ..\obj\usb_dcd_int.o
 .text.DCD_IsoINIncomplete_ISR
                0x08003ef0       0x34 ..\obj\usb_dcd_int.o
 .text.DCD_IsoOUTIncomplete_ISR
                0x08003f24       0x34 ..\obj\usb_dcd_int.o
 .text.DCD_ReadDevInEP
                0x08003f58       0x50 ..\obj\usb_dcd_int.o
 .text.usbd_cdc_Init
                0x08003fa8       0x84 ..\obj\usbd_cdc_core.o
 .text.usbd_cdc_DeInit
                0x0800402c       0x38 ..\obj\usbd_cdc_core.o
 .text.usbd_cdc_Setup
                0x08004064      0x120 ..\obj\usbd_cdc_core.o
 .text.usbd_cdc_EP0_RxReady
                0x08004184       0x40 ..\obj\usbd_cdc_core.o
 .text.usbd_cdc_DataIn
                0x080041c4       0xc0 ..\obj\usbd_cdc_core.o
 .text.usbd_cdc_DataOut
                0x08004284       0x54 ..\obj\usbd_cdc_core.o
 .text.usbd_cdc_SOF
                0x080042d8       0x30 ..\obj\usbd_cdc_core.o
 .text.Handle_USBAsynchXfer
                0x08004308      0x100 ..\obj\usbd_cdc_core.o
 .text.USBD_cdc_GetCfgDesc
                0x08004408       0x24 ..\obj\usbd_cdc_core.o
 .text.SPI_I2S_DeInit
                0x0800442c       0x74 ..\obj\stm32f4xx_spi.o
                0x0800442c                SPI_I2S_DeInit
 .text.SPI_Init
                0x080044a0       0x88 ..\obj\stm32f4xx_spi.o
                0x080044a0                SPI_Init
 .text.I2S_Init
                0x08004528      0x1b4 ..\obj\stm32f4xx_spi.o
                0x08004528                I2S_Init
 .text.SPI_Cmd  0x080046dc       0x40 ..\obj\stm32f4xx_spi.o
                0x080046dc                SPI_Cmd
 .text.I2S_Cmd  0x0800471c       0x40 ..\obj\stm32f4xx_spi.o
                0x0800471c                I2S_Cmd
 .text.SPI_I2S_ReceiveData
                0x0800475c       0x18 ..\obj\stm32f4xx_spi.o
                0x0800475c                SPI_I2S_ReceiveData
 .text.SPI_I2S_SendData
                0x08004774       0x1c ..\obj\stm32f4xx_spi.o
                0x08004774                SPI_I2S_SendData
 .text.SPI_I2S_GetFlagStatus
                0x08004790       0x38 ..\obj\stm32f4xx_spi.o
                0x08004790                SPI_I2S_GetFlagStatus
 .text.I2C_DeInit
                0x080047c8       0x74 ..\obj\stm32f4xx_i2c.o
                0x080047c8                I2C_DeInit
 .text.I2C_Init
                0x0800483c      0x184 ..\obj\stm32f4xx_i2c.o
                0x0800483c                I2C_Init
 .text.I2C_Cmd  0x080049c0       0x40 ..\obj\stm32f4xx_i2c.o
                0x080049c0                I2C_Cmd
 .text.I2C_GenerateSTART
                0x08004a00       0x40 ..\obj\stm32f4xx_i2c.o
                0x08004a00                I2C_GenerateSTART
 .text.I2C_GenerateSTOP
                0x08004a40       0x40 ..\obj\stm32f4xx_i2c.o
                0x08004a40                I2C_GenerateSTOP
 .text.I2C_Send7bitAddress
                0x08004a80       0x3c ..\obj\stm32f4xx_i2c.o
                0x08004a80                I2C_Send7bitAddress
 .text.I2C_AcknowledgeConfig
                0x08004abc       0x40 ..\obj\stm32f4xx_i2c.o
                0x08004abc                I2C_AcknowledgeConfig
 .text.I2C_SendData
                0x08004afc       0x20 ..\obj\stm32f4xx_i2c.o
                0x08004afc                I2C_SendData
 .text.I2C_ReceiveData
                0x08004b1c       0x1c ..\obj\stm32f4xx_i2c.o
                0x08004b1c                I2C_ReceiveData
 .text.I2C_CheckEvent
                0x08004b38       0x60 ..\obj\stm32f4xx_i2c.o
                0x08004b38                I2C_CheckEvent
 .text.I2C_GetFlagStatus
                0x08004b98       0x64 ..\obj\stm32f4xx_i2c.o
                0x08004b98                I2C_GetFlagStatus
 .text.EXTI_ClearITPendingBit
                0x08004bfc       0x1c ..\obj\stm32f4xx_exti.o
                0x08004bfc                EXTI_ClearITPendingBit
 .text.NVIC_PriorityGroupConfig
                0x08004c18       0x24 ..\obj\misc.o
                0x08004c18                NVIC_PriorityGroupConfig
 .text.NVIC_Init
                0x08004c3c       0xc0 ..\obj\misc.o
                0x08004c3c                NVIC_Init
 .text.DCD_Init
                0x08004cfc      0x104 ..\obj\usb_dcd.o
                0x08004cfc                DCD_Init
 .text.DCD_EP_Open
                0x08004e00       0xa8 ..\obj\usb_dcd.o
                0x08004e00                DCD_EP_Open
 .text.DCD_EP_Close
                0x08004ea8       0x70 ..\obj\usb_dcd.o
                0x08004ea8                DCD_EP_Close
 .text.DCD_EP_PrepareRx
                0x08004f18       0x84 ..\obj\usb_dcd.o
                0x08004f18                DCD_EP_PrepareRx
 .text.DCD_EP_Tx
                0x08004f9c       0x78 ..\obj\usb_dcd.o
                0x08004f9c                DCD_EP_Tx
 .text.DCD_EP_Stall
                0x08005014       0x74 ..\obj\usb_dcd.o
                0x08005014                DCD_EP_Stall
 .text.DCD_EP_ClrStall
                0x08005088       0x74 ..\obj\usb_dcd.o
                0x08005088                DCD_EP_ClrStall
 .text.DCD_EP_SetAddress
                0x080050fc       0x3c ..\obj\usb_dcd.o
                0x080050fc                DCD_EP_SetAddress
 .text.LIS302DL_Init
                0x08005138       0x4c ..\obj\stm32f4_discovery_lis302dl.o
                0x08005138                LIS302DL_Init
 .text.LIS302DL_Write
                0x08005184       0x60 ..\obj\stm32f4_discovery_lis302dl.o
                0x08005184                LIS302DL_Write
 .text.LIS302DL_Read
                0x080051e4       0x70 ..\obj\stm32f4_discovery_lis302dl.o
                0x080051e4                LIS302DL_Read
 .text.LIS302DL_LowLevel_Init
                0x08005254      0x138 ..\obj\stm32f4_discovery_lis302dl.o
 .text.LIS302DL_SendByte
                0x0800538c       0x90 ..\obj\stm32f4_discovery_lis302dl.o
 .text.LIS302DL_TIMEOUT_UserCallback
                0x0800541c        0x8 ..\obj\stm32f4_discovery_lis302dl.o
                0x0800541c                LIS302DL_TIMEOUT_UserCallback
 .text.USBD_CtlSendData
                0x08005424       0x40 ..\obj\usbd_ioreq.o
                0x08005424                USBD_CtlSendData
 .text.USBD_CtlContinueSendData
                0x08005464       0x28 ..\obj\usbd_ioreq.o
                0x08005464                USBD_CtlContinueSendData
 .text.USBD_CtlPrepareRx
                0x0800548c       0x40 ..\obj\usbd_ioreq.o
                0x0800548c                USBD_CtlPrepareRx
 .text.USBD_CtlContinueRx
                0x080054cc       0x28 ..\obj\usbd_ioreq.o
                0x080054cc                USBD_CtlContinueRx
 .text.USBD_CtlSendStatus
                0x080054f4       0x30 ..\obj\usbd_ioreq.o
                0x080054f4                USBD_CtlSendStatus
 .text.USBD_CtlReceiveStatus
                0x08005524       0x30 ..\obj\usbd_ioreq.o
                0x08005524                USBD_CtlReceiveStatus
 .text.TIM_TimeBaseInit
                0x08005554       0xd4 ..\obj\stm32f4xx_tim.o
                0x08005554                TIM_TimeBaseInit
 .text.TIM_GetCounter
                0x08005628       0x18 ..\obj\stm32f4xx_tim.o
                0x08005628                TIM_GetCounter
 .text.TIM_Cmd  0x08005640       0x40 ..\obj\stm32f4xx_tim.o
                0x08005640                TIM_Cmd
 .text.TIM_GetFlagStatus
                0x08005680       0x38 ..\obj\stm32f4xx_tim.o
                0x08005680                TIM_GetFlagStatus
 .text.TIM_ClearFlag
                0x080056b8       0x20 ..\obj\stm32f4xx_tim.o
                0x080056b8                TIM_ClearFlag
 *(.init)
 *(.fini)
 *crtbegin.o(.ctors)
 *crtbegin?.o(.ctors)
 *(EXCLUDE_FILE(*crtend.o *crtend?.o) .ctors)
 *(SORT(.ctors.*))
 *(.ctors)
 *crtbegin.o(.dtors)
 *crtbegin?.o(.dtors)
 *(EXCLUDE_FILE(*crtend.o *crtend?.o) .dtors)
 *(SORT(.dtors.*))
 *(.dtors)
 *(.rodata*)
 .rodata        0x080056d8       0x9e ..\obj\main.o
                0x080056d8                dzwiek
 *fill*         0x08005776        0x2 
 .rodata        0x08005778       0x96 ..\obj\usbd_desc.o
 *(.eh_fram e*)

.glue_7         0x08005810        0x0
 .glue_7        0x08005810        0x0 linker stubs

.glue_7t        0x08005810        0x0
 .glue_7t       0x08005810        0x0 linker stubs

.vfp11_veneer   0x08005810        0x0
 .vfp11_veneer  0x08005810        0x0 linker stubs

.v4_bx          0x08005810        0x0
 .v4_bx         0x08005810        0x0 linker stubs

.iplt           0x08005810        0x0
 .iplt          0x08005810        0x0 ..\obj\usb_core.o

.rel.dyn        0x08005810        0x0
 .rel.iplt      0x08005810        0x0 ..\obj\usb_core.o

.ARM.extab
 *(.ARM.extab* .gnu.linkonce.armextab.*)
                0x08005810                __exidx_start = .

.ARM.exidx
 *(.ARM.exidx* .gnu.linkonce.armexidx.*)
                0x08005810                __exidx_end = .
                0x08005810                __etext = .
                0x0800580e                _sidata = __etext

.data           0x20000000      0x138 load address 0x0800580e
                0x20000000                __data_start__ = .
                0x20000000                _sdata = __data_start__
 *(vtable)
 *(.data*)
 .data          0x20000000       0x1c ..\obj\usbd_usr.o
                0x20000000                USR_cb
 .data          0x2000001c       0x30 ..\obj\usbd_core.o
                0x2000001c                USBD_DCD_INT_cb
                0x20000048                USBD_DCD_INT_fops
 .data          0x2000004c        0x5 ..\obj\main.o
                0x2000004c                sample
                0x20000050                znaki
 *fill*         0x20000051        0x3 
 .data          0x20000054       0x10 ..\obj\stm32f4xx_rcc.o
 .data          0x20000064       0x40 ..\obj\usbd_desc.o
                0x20000064                USR_desc
                0x20000080                USBD_DeviceDesc
                0x20000094                USBD_DeviceQualifierDesc
                0x200000a0                USBD_LangIDDesc
 .data          0x200000a4       0x1c ..\obj\usbd_cdc_vcp.o
                0x200000a4                linecoding
                0x200000ac                VCP_fops
 .data          0x200000c0       0x74 ..\obj\usbd_cdc_core.o
                0x200000c0                usbd_cdc_CfgDesc
                0x20000108                USBD_CDC_cb
 .data          0x20000134        0x4 ..\obj\stm32f4_discovery_lis302dl.o
                0x20000134                LIS302DLTimeout
                0x20000138                . = ALIGN (0x4)
                [!provide]                PROVIDE (__preinit_array_start, .)
 *(.preinit_array)
                [!provide]                PROVIDE (__preinit_array_end, .)
                0x20000138                . = ALIGN (0x4)
                [!provide]                PROVIDE (__init_array_start, .)
 *(SORT(.init_array.*))
 *(.init_array)
                [!provide]                PROVIDE (__init_array_end, .)
                0x20000138                . = ALIGN (0x4)
                [!provide]                PROVIDE (__fini_array_start, .)
 *(SORT(.fini_array.*))
 *(.fini_array)
                [!provide]                PROVIDE (__fini_array_end, .)
 *(.jcr*)
                0x20000138                . = ALIGN (0x4)
                0x20000138                __data_end__ = .
                0x20000138                _edata = __data_end__

.igot.plt       0x20000138        0x0 load address 0x08005948
 .igot.plt      0x20000138        0x0 ..\obj\usb_core.o

.bss            0x20000138      0xf80 load address 0x08005948
                0x20000138                . = ALIGN (0x4)
                0x20000138                __bss_start__ = .
                0x20000138                _sbss = __bss_start__
 *(.bss*)
 .bss           0x20000138        0xd ..\obj\usbd_req.o
                0x20000138                USBD_ep_status
                0x2000013c                USBD_default_cfg
                0x20000140                USBD_cfg_status
 *fill*         0x20000145        0x3 
 .bss           0x20000148       0x1c ..\obj\usbd_cdc_core.o
                0x2000014c                APP_Rx_ptr_in
                0x20000150                APP_Rx_ptr_out
                0x20000154                APP_Rx_length
                0x20000158                USB_Tx_State
 *(COMMON)
 COMMON         0x20000164      0x5fc ..\obj\main.o
                0x20000164                przys_x
                0x20000165                przys_y
                0x20000166                przys_z
                0x20000168                GPIO_InitStructure
                0x20000170                USB_OTG_dev
 COMMON         0x20000760       0x98 ..\obj\usbd_cdc_vcp.o
                0x20000760                APP_Tx_Buffer
                0x200007e0                APP_tx_ptr_tail
                0x200007e4                USART_InitStructure
                0x200007f4                APP_tx_ptr_head
 COMMON         0x200007f8       0x32 ..\obj\usbd_req.o
                0x200007f8                USBD_StrDesc
 *fill*         0x2000082a        0x2 
 COMMON         0x2000082c      0x88c ..\obj\usbd_cdc_core.o
                0x2000082c                usbd_cdc_OtherCfgDesc
                0x20000870                USB_Rx_Buffer
                0x200008b0                CmdBuff
                0x200008b8                APP_Rx_Buffer
                0x200010b8                . = ALIGN (0x4)
                0x200010b8                __bss_end__ = .
                0x200010b8                _ebss = __bss_end__

.heap           0x200010b8        0x0
                0x200010b8                __end__ = .
                0x200010b8                _end = __end__
                0x200010b8                end = __end__
 *(.heap*)
                0x200010b8                __HeapLimit = .

.co_stack       0x200010b8      0x800 load address 0x080068c8
                0x200010b8                . = ALIGN (0x8)
 *(.co_stack .co_stack.*)
 .co_stack      0x200010b8      0x800 ..\obj\startup_stm32f4xx.o
                0x200010b8                pulStack
                0x20020000                __StackTop = (ORIGIN (ram) + LENGTH (ram))
                0x2001f800                __StackLimit = (__StackTop - SIZEOF (.co_stack))
                [!provide]                PROVIDE (__stack, __StackTop)
                0x00000001                ASSERT ((__StackLimit >= __HeapLimit), region ram  overflowed with stack)
LOAD ..\obj\usb_core.o
LOAD ..\obj\usbd_usr.o
LOAD ..\obj\startup_stm32f4xx.o
LOAD ..\obj\usbd_core.o
LOAD ..\obj\main.o
LOAD ..\obj\stm32f4xx_rcc.o
LOAD ..\obj\usbd_desc.o
LOAD ..\obj\stm32f4xx_gpio.o
LOAD ..\obj\usbd_cdc_vcp.o
LOAD ..\obj\system_stm32f4xx.o
LOAD ..\obj\usb_bsp.o
LOAD ..\obj\usbd_req.o
LOAD ..\obj\usb_dcd_int.o
LOAD ..\obj\usbd_cdc_core.o
LOAD ..\obj\stm32f4xx_spi.o
LOAD ..\obj\stm32f4xx_i2c.o
LOAD ..\obj\stm32f4xx_exti.o
LOAD ..\obj\misc.o
LOAD ..\obj\usb_dcd.o
LOAD ..\obj\stm32f4_discovery_lis302dl.o
LOAD ..\obj\usbd_ioreq.o
LOAD ..\obj\stm32f4xx_tim.o
START GROUP
LOAD c:/coocox/gcc arm embedded/5.2 2015q4/bin/../lib/gcc/arm-none-eabi/5.2.1/armv7e-m\libgcc.a
LOAD c:/coocox/gcc arm embedded/5.2 2015q4/bin/../lib/gcc/arm-none-eabi/5.2.1/../../../../arm-none-eabi/lib/armv7e-m\libg.a
LOAD c:/coocox/gcc arm embedded/5.2 2015q4/bin/../lib/gcc/arm-none-eabi/5.2.1/../../../../arm-none-eabi/lib/armv7e-m\libc.a
END GROUP
OUTPUT(STM.elf elf32-littlearm)

.debug_info     0x00000000    0x11744
 .debug_info    0x00000000     0x2527 ..\obj\usb_core.o
 .debug_info    0x00002527      0x1cb ..\obj\usbd_usr.o
 .debug_info    0x000026f2       0xed ..\obj\startup_stm32f4xx.o
 .debug_info    0x000027df      0xe9d ..\obj\usbd_core.o
 .debug_info    0x0000367c     0x14ba ..\obj\main.o
 .debug_info    0x00004b36      0xc59 ..\obj\stm32f4xx_rcc.o
 .debug_info    0x0000578f      0x363 ..\obj\usbd_desc.o
 .debug_info    0x00005af2      0x61a ..\obj\stm32f4xx_gpio.o
 .debug_info    0x0000610c      0x4b2 ..\obj\usbd_cdc_vcp.o
 .debug_info    0x000065be      0x596 ..\obj\system_stm32f4xx.o
 .debug_info    0x00006b54     0x100a ..\obj\usb_bsp.o
 .debug_info    0x00007b5e      0xf9f ..\obj\usbd_req.o
 .debug_info    0x00008afd     0x1d71 ..\obj\usb_dcd_int.o
 .debug_info    0x0000a86e      0xef6 ..\obj\usbd_cdc_core.o
 .debug_info    0x0000b764      0xb0f ..\obj\stm32f4xx_spi.o
 .debug_info    0x0000c273      0xb00 ..\obj\stm32f4xx_i2c.o
 .debug_info    0x0000cd73      0x357 ..\obj\stm32f4xx_exti.o
 .debug_info    0x0000d0ca      0x541 ..\obj\misc.o
 .debug_info    0x0000d60b     0x1023 ..\obj\usb_dcd.o
 .debug_info    0x0000e62e      0x7f2 ..\obj\stm32f4_discovery_lis302dl.o
 .debug_info    0x0000ee20      0xcbb ..\obj\usbd_ioreq.o
 .debug_info    0x0000fadb     0x1c69 ..\obj\stm32f4xx_tim.o

.debug_abbrev   0x00000000     0x26d0
 .debug_abbrev  0x00000000      0x2eb ..\obj\usb_core.o
 .debug_abbrev  0x000002eb       0xdd ..\obj\usbd_usr.o
 .debug_abbrev  0x000003c8       0xb0 ..\obj\startup_stm32f4xx.o
 .debug_abbrev  0x00000478      0x21f ..\obj\usbd_core.o
 .debug_abbrev  0x00000697      0x250 ..\obj\main.o
 .debug_abbrev  0x000008e7      0x1e5 ..\obj\stm32f4xx_rcc.o
 .debug_abbrev  0x00000acc      0x12c ..\obj\usbd_desc.o
 .debug_abbrev  0x00000bf8      0x1a7 ..\obj\stm32f4xx_gpio.o
 .debug_abbrev  0x00000d9f      0x18b ..\obj\usbd_cdc_vcp.o
 .debug_abbrev  0x00000f2a      0x138 ..\obj\system_stm32f4xx.o
 .debug_abbrev  0x00001062      0x23a ..\obj\usb_bsp.o
 .debug_abbrev  0x0000129c      0x295 ..\obj\usbd_req.o
 .debug_abbrev  0x00001531      0x25d ..\obj\usb_dcd_int.o
 .debug_abbrev  0x0000178e      0x217 ..\obj\usbd_cdc_core.o
 .debug_abbrev  0x000019a5      0x169 ..\obj\stm32f4xx_spi.o
 .debug_abbrev  0x00001b0e      0x166 ..\obj\stm32f4xx_i2c.o
 .debug_abbrev  0x00001c74      0x1a9 ..\obj\stm32f4xx_exti.o
 .debug_abbrev  0x00001e1d      0x147 ..\obj\misc.o
 .debug_abbrev  0x00001f64      0x25b ..\obj\usb_dcd.o
 .debug_abbrev  0x000021bf      0x1d7 ..\obj\stm32f4_discovery_lis302dl.o
 .debug_abbrev  0x00002396      0x1b1 ..\obj\usbd_ioreq.o
 .debug_abbrev  0x00002547      0x189 ..\obj\stm32f4xx_tim.o

.debug_aranges  0x00000000      0xe08
 .debug_aranges
                0x00000000      0x138 ..\obj\usb_core.o
 .debug_aranges
                0x00000138       0x50 ..\obj\usbd_usr.o
 .debug_aranges
                0x00000188       0x28 ..\obj\startup_stm32f4xx.o
 .debug_aranges
                0x000001b0       0x80 ..\obj\usbd_core.o
 .debug_aranges
                0x00000230       0x58 ..\obj\main.o
 .debug_aranges
                0x00000288      0x178 ..\obj\stm32f4xx_rcc.o
 .debug_aranges
                0x00000400       0x50 ..\obj\usbd_desc.o
 .debug_aranges
                0x00000450       0x88 ..\obj\stm32f4xx_gpio.o
 .debug_aranges
                0x000004d8       0x70 ..\obj\usbd_cdc_vcp.o
 .debug_aranges
                0x00000548       0x30 ..\obj\system_stm32f4xx.o
 .debug_aranges
                0x00000578       0x48 ..\obj\usb_bsp.o
 .debug_aranges
                0x000005c0       0x88 ..\obj\usbd_req.o
 .debug_aranges
                0x00000648       0x80 ..\obj\usb_dcd_int.o
 .debug_aranges
                0x000006c8       0x60 ..\obj\usbd_cdc_core.o
 .debug_aranges
                0x00000728       0xe0 ..\obj\stm32f4xx_spi.o
 .debug_aranges
                0x00000808      0x120 ..\obj\stm32f4xx_i2c.o
 .debug_aranges
                0x00000928       0x58 ..\obj\stm32f4xx_exti.o
 .debug_aranges
                0x00000980       0x40 ..\obj\misc.o
 .debug_aranges
                0x000009c0       0x80 ..\obj\usb_dcd.o
 .debug_aranges
                0x00000a40       0x80 ..\obj\stm32f4_discovery_lis302dl.o
 .debug_aranges
                0x00000ac0       0x50 ..\obj\usbd_ioreq.o
 .debug_aranges
                0x00000b10      0x2f8 ..\obj\stm32f4xx_tim.o

.debug_ranges   0x00000000      0xca8
 .debug_ranges  0x00000000      0x128 ..\obj\usb_core.o
 .debug_ranges  0x00000128       0x40 ..\obj\usbd_usr.o
 .debug_ranges  0x00000168       0x18 ..\obj\startup_stm32f4xx.o
 .debug_ranges  0x00000180       0x70 ..\obj\usbd_core.o
 .debug_ranges  0x000001f0       0x48 ..\obj\main.o
 .debug_ranges  0x00000238      0x168 ..\obj\stm32f4xx_rcc.o
 .debug_ranges  0x000003a0       0x40 ..\obj\usbd_desc.o
 .debug_ranges  0x000003e0       0x78 ..\obj\stm32f4xx_gpio.o
 .debug_ranges  0x00000458       0x60 ..\obj\usbd_cdc_vcp.o
 .debug_ranges  0x000004b8       0x20 ..\obj\system_stm32f4xx.o
 .debug_ranges  0x000004d8       0x38 ..\obj\usb_bsp.o
 .debug_ranges  0x00000510       0x78 ..\obj\usbd_req.o
 .debug_ranges  0x00000588       0x70 ..\obj\usb_dcd_int.o
 .debug_ranges  0x000005f8       0x50 ..\obj\usbd_cdc_core.o
 .debug_ranges  0x00000648       0xd0 ..\obj\stm32f4xx_spi.o
 .debug_ranges  0x00000718      0x110 ..\obj\stm32f4xx_i2c.o
 .debug_ranges  0x00000828       0x48 ..\obj\stm32f4xx_exti.o
 .debug_ranges  0x00000870       0x30 ..\obj\misc.o
 .debug_ranges  0x000008a0       0x70 ..\obj\usb_dcd.o
 .debug_ranges  0x00000910       0x70 ..\obj\stm32f4_discovery_lis302dl.o
 .debug_ranges  0x00000980       0x40 ..\obj\usbd_ioreq.o
 .debug_ranges  0x000009c0      0x2e8 ..\obj\stm32f4xx_tim.o

.debug_line     0x00000000     0x563b
 .debug_line    0x00000000      0x6f2 ..\obj\usb_core.o
 .debug_line    0x000006f2      0x22f ..\obj\usbd_usr.o
 .debug_line    0x00000921       0xb2 ..\obj\startup_stm32f4xx.o
 .debug_line    0x000009d3      0x35d ..\obj\usbd_core.o
 .debug_line    0x00000d30      0x5e7 ..\obj\main.o
 .debug_line    0x00001317      0x5e3 ..\obj\stm32f4xx_rcc.o
 .debug_line    0x000018fa      0x253 ..\obj\usbd_desc.o
 .debug_line    0x00001b4d      0x39e ..\obj\stm32f4xx_gpio.o
 .debug_line    0x00001eeb      0x365 ..\obj\usbd_cdc_vcp.o
 .debug_line    0x00002250      0x1fe ..\obj\system_stm32f4xx.o
 .debug_line    0x0000244e      0x30c ..\obj\usb_bsp.o
 .debug_line    0x0000275a      0x445 ..\obj\usbd_req.o
 .debug_line    0x00002b9f      0x3b2 ..\obj\usb_dcd_int.o
 .debug_line    0x00002f51      0x332 ..\obj\usbd_cdc_core.o
 .debug_line    0x00003283      0x497 ..\obj\stm32f4xx_spi.o
 .debug_line    0x0000371a      0x529 ..\obj\stm32f4xx_i2c.o
 .debug_line    0x00003c43      0x2df ..\obj\stm32f4xx_exti.o
 .debug_line    0x00003f22      0x27c ..\obj\misc.o
 .debug_line    0x0000419e      0x33d ..\obj\usb_dcd.o
 .debug_line    0x000044db      0x3f0 ..\obj\stm32f4_discovery_lis302dl.o
 .debug_line    0x000048cb      0x271 ..\obj\usbd_ioreq.o
 .debug_line    0x00004b3c      0xaff ..\obj\stm32f4xx_tim.o

.debug_str      0x00000000     0x4f45
 .debug_str     0x00000000     0x133a ..\obj\usb_core.o
                               0x16a0 (size before relaxing)
 .debug_str     0x0000133a       0xf6 ..\obj\usbd_usr.o
                                0x2bc (size before relaxing)
 .debug_str     0x00001430       0xc1 ..\obj\startup_stm32f4xx.o
                                0x158 (size before relaxing)
 .debug_str     0x000014f1      0x1a3 ..\obj\usbd_core.o
                                0xae6 (size before relaxing)
 .debug_str     0x00001694      0x624 ..\obj\main.o
                                0xf31 (size before relaxing)
 .debug_str     0x00001cb8      0x670 ..\obj\stm32f4xx_rcc.o
                                0x861 (size before relaxing)
 .debug_str     0x00002328      0x166 ..\obj\usbd_desc.o
                                0x395 (size before relaxing)
 .debug_str     0x0000248e      0x1b4 ..\obj\stm32f4xx_gpio.o
                                0x4b4 (size before relaxing)
 .debug_str     0x00002642      0x24d ..\obj\usbd_cdc_vcp.o
                                0x3cb (size before relaxing)
 .debug_str     0x0000288f      0x129 ..\obj\system_stm32f4xx.o
                                0x3bb (size before relaxing)
 .debug_str     0x000029b8      0x65d ..\obj\usb_bsp.o
                               0x10e3 (size before relaxing)
 .debug_str     0x00003015      0x189 ..\obj\usbd_req.o
                                0xb11 (size before relaxing)
 .debug_str     0x0000319e      0x29e ..\obj\usb_dcd_int.o
                               0x129e (size before relaxing)
 .debug_str     0x0000343c      0x1a6 ..\obj\usbd_cdc_core.o
                                0xb2e (size before relaxing)
 .debug_str     0x000035e2      0x343 ..\obj\stm32f4xx_spi.o
                                0x69b (size before relaxing)
 .debug_str     0x00003925      0x358 ..\obj\stm32f4xx_i2c.o
                                0x676 (size before relaxing)
 .debug_str     0x00003c7d      0x1de ..\obj\stm32f4xx_exti.o
                                0x36a (size before relaxing)
 .debug_str     0x00003e5b      0x172 ..\obj\misc.o
                                0x3df (size before relaxing)
 .debug_str     0x00003fcd      0x124 ..\obj\usb_dcd.o
                                0xb40 (size before relaxing)
 .debug_str     0x000040f1      0x2de ..\obj\stm32f4_discovery_lis302dl.o
                                0x77e (size before relaxing)
 .debug_str     0x000043cf       0xdf ..\obj\usbd_ioreq.o
                                0x9d0 (size before relaxing)
 .debug_str     0x000044ae      0xa97 ..\obj\stm32f4xx_tim.o
                                0xde1 (size before relaxing)

.comment        0x00000000       0x6e
 .comment       0x00000000       0x6e ..\obj\usb_core.o
                                 0x6f (size before relaxing)
 .comment       0x0000006e       0x6f ..\obj\usbd_usr.o
 .comment       0x0000006e       0x6f ..\obj\startup_stm32f4xx.o
 .comment       0x0000006e       0x6f ..\obj\usbd_core.o
 .comment       0x0000006e       0x6f ..\obj\main.o
 .comment       0x0000006e       0x6f ..\obj\stm32f4xx_rcc.o
 .comment       0x0000006e       0x6f ..\obj\usbd_desc.o
 .comment       0x0000006e       0x6f ..\obj\stm32f4xx_gpio.o
 .comment       0x0000006e       0x6f ..\obj\usbd_cdc_vcp.o
 .comment       0x0000006e       0x6f ..\obj\system_stm32f4xx.o
 .comment       0x0000006e       0x6f ..\obj\usb_bsp.o
 .comment       0x0000006e       0x6f ..\obj\usbd_req.o
 .comment       0x0000006e       0x6f ..\obj\usb_dcd_int.o
 .comment       0x0000006e       0x6f ..\obj\usbd_cdc_core.o
 .comment       0x0000006e       0x6f ..\obj\stm32f4xx_spi.o
 .comment       0x0000006e       0x6f ..\obj\stm32f4xx_i2c.o
 .comment       0x0000006e       0x6f ..\obj\stm32f4xx_exti.o
 .comment       0x0000006e       0x6f ..\obj\misc.o
 .comment       0x0000006e       0x6f ..\obj\usb_dcd.o
 .comment       0x0000006e       0x6f ..\obj\stm32f4_discovery_lis302dl.o
 .comment       0x0000006e       0x6f ..\obj\usbd_ioreq.o
 .comment       0x0000006e       0x6f ..\obj\stm32f4xx_tim.o

.ARM.attributes
                0x00000000       0x33
 .ARM.attributes
                0x00000000       0x33 ..\obj\usb_core.o
 .ARM.attributes
                0x00000033       0x33 ..\obj\usbd_usr.o
 .ARM.attributes
                0x00000066       0x33 ..\obj\startup_stm32f4xx.o
 .ARM.attributes
                0x00000099       0x33 ..\obj\usbd_core.o
 .ARM.attributes
                0x000000cc       0x33 ..\obj\main.o
 .ARM.attributes
                0x000000ff       0x33 ..\obj\stm32f4xx_rcc.o
 .ARM.attributes
                0x00000132       0x33 ..\obj\usbd_desc.o
 .ARM.attributes
                0x00000165       0x33 ..\obj\stm32f4xx_gpio.o
 .ARM.attributes
                0x00000198       0x33 ..\obj\usbd_cdc_vcp.o
 .ARM.attributes
                0x000001cb       0x33 ..\obj\system_stm32f4xx.o
 .ARM.attributes
                0x000001fe       0x33 ..\obj\usb_bsp.o
 .ARM.attributes
                0x00000231       0x33 ..\obj\usbd_req.o
 .ARM.attributes
                0x00000264       0x33 ..\obj\usb_dcd_int.o
 .ARM.attributes
                0x00000297       0x33 ..\obj\usbd_cdc_core.o
 .ARM.attributes
                0x000002ca       0x33 ..\obj\stm32f4xx_spi.o
 .ARM.attributes
                0x000002fd       0x33 ..\obj\stm32f4xx_i2c.o
 .ARM.attributes
                0x00000330       0x33 ..\obj\stm32f4xx_exti.o
 .ARM.attributes
                0x00000363       0x33 ..\obj\misc.o
 .ARM.attributes
                0x00000396       0x33 ..\obj\usb_dcd.o
 .ARM.attributes
                0x000003c9       0x33 ..\obj\stm32f4_discovery_lis302dl.o
 .ARM.attributes
                0x000003fc       0x33 ..\obj\usbd_ioreq.o
 .ARM.attributes
                0x0000042f       0x33 ..\obj\stm32f4xx_tim.o

.debug_frame    0x00000000     0x3abc
 .debug_frame   0x00000000      0x584 ..\obj\usb_core.o
 .debug_frame   0x00000584       0xf8 ..\obj\usbd_usr.o
 .debug_frame   0x0000067c       0x4c ..\obj\startup_stm32f4xx.o
 .debug_frame   0x000006c8      0x1e8 ..\obj\usbd_core.o
 .debug_frame   0x000008b0      0x11c ..\obj\main.o
 .debug_frame   0x000009cc      0x6d4 ..\obj\stm32f4xx_rcc.o
 .debug_frame   0x000010a0      0x114 ..\obj\usbd_desc.o
 .debug_frame   0x000011b4      0x23c ..\obj\stm32f4xx_gpio.o
 .debug_frame   0x000013f0      0x1a4 ..\obj\usbd_cdc_vcp.o
 .debug_frame   0x00001594       0x7c ..\obj\system_stm32f4xx.o
 .debug_frame   0x00001610       0xf4 ..\obj\usb_bsp.o
 .debug_frame   0x00001704      0x210 ..\obj\usbd_req.o
 .debug_frame   0x00001914      0x1e8 ..\obj\usb_dcd_int.o
 .debug_frame   0x00001afc      0x158 ..\obj\usbd_cdc_core.o
 .debug_frame   0x00001c54      0x3f4 ..\obj\stm32f4xx_spi.o
 .debug_frame   0x00002048      0x530 ..\obj\stm32f4xx_i2c.o
 .debug_frame   0x00002578      0x148 ..\obj\stm32f4xx_exti.o
 .debug_frame   0x000026c0       0xd8 ..\obj\misc.o
 .debug_frame   0x00002798      0x1e8 ..\obj\usb_dcd.o
 .debug_frame   0x00002980      0x1d8 ..\obj\stm32f4_discovery_lis302dl.o
 .debug_frame   0x00002b58      0x110 ..\obj\usbd_ioreq.o
 .debug_frame   0x00002c68      0xe54 ..\obj\stm32f4xx_tim.o
